
> eternal-bloom@0.1.0 build
> next build

Γû▓ Next.js 16.2.2 (Turbopack)

  Creating an optimized production build ...
Γ£ô Compiled successfully in 2.0s
  Running TypeScript ...
  Finished TypeScript in 5.7s ...
  Collecting page data using 7 workers ...
  Generating static pages using 7 workers (0/4) ...
  Generating static pages using 7 workers (1/4) 
  Generating static pages using 7 workers (2/4) 
  Generating static pages using 7 workers (3/4) 
Γ£ô Generating static pages using 7 workers (4/4) in 1446ms
  Finalizing page optimization ...

Route (app)
Γöî Γùï /
Γö£ Γùï /_not-found
Γö£ ╞Æ /editor/[id]
Γö£ ╞Æ /preview/[id]
Γöö Γùï /templates


Γùï  (Static)   prerendered as static content
╞Æ  (Dynamic)  server-rendered on demand

